// Jest Snapshot v1, https://goo.gl/fbAQLP

exports[`Calculator component should render correctly 1`] = `
<h2
  className="quote"
>
  "Mathematics is not about numbers, equations, computations or algorithms: it is about understanding." -William Paul Thurston
</h2>
`;
